SLURM_JOB_ID: 197808
SLURM_ARRAY_JOB_ID: 197799
SLURM_ARRAY_TASK_ID: 8
Running on node: n-50
Starting at: Tue Jun  2 14:19:06 CST 2026
Python/conda activo:
/home/holman/.conda/envs/nest/bin/python
# conda environments:
#
cigale                   /home/holman/.conda/envs/cigale
cosmos                   /home/holman/.conda/envs/cosmos
fado-abi3                /home/holman/.conda/envs/fado-abi3
fastspec                 /home/holman/.conda/envs/fastspec
nest                  *  /home/holman/.conda/envs/nest
starlight                /home/holman/.conda/envs/starlight
base                     /opt/anaconda3

Corriendo el codigo(array):
================================================================================
Running job index: 8
calibrator_name                                                    Cep-nZeT
distance_estimator_set                                             sm_t.csv
estimator_error_kind                                                sigma_w
regime_name                                                         HM_Full
analysis_mode                                                          High
zmax                                                                    NaN
main_title                L-sigma test: HM_Full Universe (all z), Set: C...
folder_name                                         HM_Full_CepnZeT_sigma_w
id_prefix                                         high_cepnzet_sigma_w_allz
Name: 8, dtype: object
================================================================================
Total input objects: 243
Objects after cut:   243
zmax:                None
  analysing data from /home/holman/HIIGalaxies/Bayesian_samplers/Multinest/HM_Full_CepnZeT_sigma_w/high_cepnzet_sigma_w_allz_.txt

Evidence lnZ = -393.960 ± 0.065
Posterior means/stdev:
\alpha: 33.148 ± 0.126
 \beta: 5.080 ± 0.096
     h: 0.728 ± 0.047
Removed no burn in
GetDist triangle en: /home/holman/HIIGalaxies/Bayesian_samplers/Multinest/HM_Full_CepnZeT_sigma_w/high_cepnzet_sigma_w_allz_triangle_getdist.png

Listo. Archivos en: /home/holman/HIIGalaxies/Bayesian_samplers/Multinest/HM_Full_CepnZeT_sigma_w
  analysing data from /home/holman/HIIGalaxies/Bayesian_samplers/Multinest/HM_Full_CepnZeT_sigma_w/high_cepnzet_sigma_w_allz_.txt
Numero de galaxias host de GEHR: 13
Lista: ['15.NGC4258' '3.M33' '4.M81' '5.M101']
================================================================================
Finished job index: 8
================================================================================
 MultiNest Warning: no resume file found, starting from scratch
 *****************************************************
 MultiNest v3.10
 Copyright Farhan Feroz & Mike Hobson
 Release Jul 2015

 no. of live points = 2500
 dimensionality =    3
 *****************************************************
 ln(ev)=  -393.96010537333927      +/-   6.4549455030622885E-002
 Total Likelihood Evaluations:        56392
 Sampling finished. Exiting MultiNest
Finished at: Tue Jun  2 14:38:24 CST 2026
