SLURM_JOB_ID: 197784
SLURM_ARRAY_JOB_ID: 197784
SLURM_ARRAY_TASK_ID: 14
Running on node: n-49
Starting at: Tue Jun  2 13:07:41 CST 2026
Python/conda activo:
/home/holman/.conda/envs/nest/bin/python
# conda environments:
#
cigale                   /home/holman/.conda/envs/cigale
cosmos                   /home/holman/.conda/envs/cosmos
fado-abi3                /home/holman/.conda/envs/fado-abi3
fastspec                 /home/holman/.conda/envs/fastspec
nest                  *  /home/holman/.conda/envs/nest
starlight                /home/holman/.conda/envs/starlight
base                     /opt/anaconda3

Corriendo el codigo(array):
================================================================================
Running job index: 14
calibrator_name                                                        TRGB
distance_estimator_set                                              t_r.csv
estimator_error_kind                                                sigma_w
regime_name                                                            Full
analysis_mode                                                          High
zmax                                                                    NaN
main_title                L-sigma test: Full Universe (all z), Set: TRGB...
folder_name                                               Full_TRGB_sigma_w
id_prefix                                            high_trgb_sigma_w_allz
Name: 14, dtype: object
================================================================================
Total input objects: 243
Objects after cut:   243
zmax:                None
  analysing data from /home/holman/HIIGalaxies/Bayesian_samplers/Multinest/Full_TRGB_sigma_w/high_trgb_sigma_w_allz_.txt

Evidence lnZ = -435.445 ± 0.067
Posterior means/stdev:
\alpha: 33.276 ± 0.108
 \beta: 5.041 ± 0.088
     h: 0.675 ± 0.037
Removed no burn in
GetDist triangle en: /home/holman/HIIGalaxies/Bayesian_samplers/Multinest/Full_TRGB_sigma_w/high_trgb_sigma_w_allz_triangle_getdist.png

Listo. Archivos en: /home/holman/HIIGalaxies/Bayesian_samplers/Multinest/Full_TRGB_sigma_w
  analysing data from /home/holman/HIIGalaxies/Bayesian_samplers/Multinest/Full_TRGB_sigma_w/high_trgb_sigma_w_allz_.txt
Numero de galaxias host de GEHR: 26
Lista: ['1.IC0010' '15.NGC4258' '16.NGC4395' '3.M33' '4.M81' '5.M101' '6.MRK116'
 '8.NGC2366' '9.NGC2403']
================================================================================
Finished job index: 14
================================================================================
 MultiNest Warning: no resume file found, starting from scratch
 *****************************************************
 MultiNest v3.10
 Copyright Farhan Feroz & Mike Hobson
 Release Jul 2015

 no. of live points = 2500
 dimensionality =    3
 *****************************************************
 ln(ev)=  -435.44497942156880      +/-   6.7383987063555265E-002
 Total Likelihood Evaluations:        58234
 Sampling finished. Exiting MultiNest
Finished at: Tue Jun  2 13:26:24 CST 2026
