SLURM_JOB_ID: 198153
SLURM_ARRAY_JOB_ID: 198153
SLURM_ARRAY_TASK_ID: 14
Running on node: n-80
Starting at: Sun Jun 21 22:33:23 UTC 2026
Python/conda activo:
/home/holman/.conda/envs/nest/bin/python
# conda environments:
#
cigale                   /home/holman/.conda/envs/cigale
cosmos                   /home/holman/.conda/envs/cosmos
fado-abi3                /home/holman/.conda/envs/fado-abi3
fastspec                 /home/holman/.conda/envs/fastspec
nest                  *  /home/holman/.conda/envs/nest
starlight                /home/holman/.conda/envs/starlight
base                     /opt/anaconda3

Corriendo el codigo(array):
================================================================================
Running job index: 14
calibrator_name                                                        TRGB
distance_estimator_set                                              t_r.csv
estimator_error_kind                                                sigma_w
regime_name                                                         HM_Full
analysis_mode                                                          High
zmax                                                                    NaN
main_title                L-sigma test: HM_Full Universe (all z), Set: T...
folder_name                                            HM_Full_TRGB_sigma_w
id_prefix                                            high_trgb_sigma_w_allz
Name: 14, dtype: object
================================================================================
Total input objects: 243
Objects after cut:   243
zmax:                None
  analysing data from /home/holman/HIIGalaxies/Bayesian_samplers/Multinest/HM_Full_TRGB_sigma_w/high_trgb_sigma_w_allz_.txt

Evidence lnZ = -435.222 ± 0.067
Posterior means/stdev:
\alpha: 33.276 ± 0.109
 \beta: 5.041 ± 0.089
     h: 0.675 ± 0.037
Removed no burn in
GetDist triangle en: /home/holman/HIIGalaxies/Bayesian_samplers/Multinest/HM_Full_TRGB_sigma_w/high_trgb_sigma_w_allz_triangle_getdist.png

Listo. Archivos en: /home/holman/HIIGalaxies/Bayesian_samplers/Multinest/HM_Full_TRGB_sigma_w
  analysing data from /home/holman/HIIGalaxies/Bayesian_samplers/Multinest/HM_Full_TRGB_sigma_w/high_trgb_sigma_w_allz_.txt
Numero de galaxias host de GEHR: 26
Lista: ['1.IC0010' '15.NGC4258' '16.NGC4395' '3.M33' '4.M81' '5.M101' '6.MRK116'
 '8.NGC2366' '9.NGC2403']
================================================================================
Finished job index: 14
================================================================================
 MultiNest Warning: no resume file found, starting from scratch
 *****************************************************
 MultiNest v3.10
 Copyright Farhan Feroz & Mike Hobson
 Release Jul 2015

 no. of live points = 2500
 dimensionality =    3
 *****************************************************
 ln(ev)=  -435.22204677115860      +/-   6.6658920351502185E-002
 Total Likelihood Evaluations:        59009
 Sampling finished. Exiting MultiNest
Finished at: Sun Jun 21 22:52:34 UTC 2026
