SLURM_JOB_ID: 198139
SLURM_ARRAY_JOB_ID: 198136
SLURM_ARRAY_TASK_ID: 2
Running on node: n-80
Starting at: Sun Jun 21 05:50:23 UTC 2026
Python/conda activo:
/home/holman/.conda/envs/nest/bin/python
# conda environments:
#
cigale                   /home/holman/.conda/envs/cigale
cosmos                   /home/holman/.conda/envs/cosmos
fado-abi3                /home/holman/.conda/envs/fado-abi3
fastspec                 /home/holman/.conda/envs/fastspec
nest                  *  /home/holman/.conda/envs/nest
starlight                /home/holman/.conda/envs/starlight
base                     /opt/anaconda3

Corriendo el codigo(array):
================================================================================
Running job index: 2
calibrator_name                                                    Cep-nZeR
distance_estimator_set                                             sm_r.csv
estimator_error_kind                                                sigma_w
regime_name                                                            Full
analysis_mode                                                          High
zmax                                                                    NaN
main_title                L-sigma test: Full Universe (all z), Set: Cep-...
folder_name                                            Full_CepnZeR_sigma_w
id_prefix                                         high_cepnzer_sigma_w_allz
Name: 2, dtype: object
================================================================================
Total input objects: 243
Objects after cut:   243
zmax:                None
  analysing data from /home/holman/HIIGalaxies/Bayesian_samplers/Multinest/Full_CepnZeR_sigma_w/high_cepnzer_sigma_w_allz_.txt

Evidence lnZ = -440.023 ± 0.067
Posterior means/stdev:
\alpha: 33.153 ± 0.109
 \beta: 5.066 ± 0.088
     h: 0.742 ± 0.037
Removed no burn in
GetDist triangle en: /home/holman/HIIGalaxies/Bayesian_samplers/Multinest/Full_CepnZeR_sigma_w/high_cepnzer_sigma_w_allz_triangle_getdist.png

Listo. Archivos en: /home/holman/HIIGalaxies/Bayesian_samplers/Multinest/Full_CepnZeR_sigma_w
  analysing data from /home/holman/HIIGalaxies/Bayesian_samplers/Multinest/Full_CepnZeR_sigma_w/high_cepnzer_sigma_w_allz_.txt
Numero de galaxias host de GEHR: 36
Lista: ['1.IC0010' '10.NGC2541' '11.NGC3198' '12.NGC3319' '15.NGC4258'
 '16.NGC4395' '3.M33' '4.M81' '5.M101' '6.MRK116' '7.NGC0925' '8.NGC2366'
 '9.NGC2403']
================================================================================
Finished job index: 2
================================================================================
 MultiNest Warning: no resume file found, starting from scratch
 *****************************************************
 MultiNest v3.10
 Copyright Farhan Feroz & Mike Hobson
 Release Jul 2015

 no. of live points = 2500
 dimensionality =    3
 *****************************************************
 ln(ev)=  -440.02323661192440      +/-   6.7169995503938665E-002
 Total Likelihood Evaluations:        56509
 Sampling finished. Exiting MultiNest
Finished at: Sun Jun 21 06:08:40 UTC 2026
