SLURM_JOB_ID: 198137
SLURM_ARRAY_JOB_ID: 198136
SLURM_ARRAY_TASK_ID: 0
Running on node: n-78
Starting at: Sat Jun 20 23:51:19 CST 2026
Python/conda activo:
/home/holman/.conda/envs/nest/bin/python
# conda environments:
#
cigale                   /home/holman/.conda/envs/cigale
cosmos                   /home/holman/.conda/envs/cosmos
fado-abi3                /home/holman/.conda/envs/fado-abi3
fastspec                 /home/holman/.conda/envs/fastspec
nest                  *  /home/holman/.conda/envs/nest
starlight                /home/holman/.conda/envs/starlight
base                     /opt/anaconda3

Corriendo el codigo(array):
================================================================================
Running job index: 0
calibrator_name                                                    Cep-nZeR
distance_estimator_set                                             sm_r.csv
estimator_error_kind                                                sigma_w
regime_name                                                           Local
analysis_mode                                                           Low
zmax                                                                    0.2
main_title                L-sigma test: Local Universe (z <= 0.20), Set:...
folder_name                                           Local_CepnZeR_sigma_w
id_prefix                                        low_cepnzer_sigma_w_zle0p2
Name: 0, dtype: object
================================================================================
Total input objects: 243
Objects after cut:   143
zmax:                0.2
  analysing data from /home/holman/HIIGalaxies/Bayesian_samplers/Multinest/Local_CepnZeR_sigma_w/low_cepnzer_sigma_w_zle0p2_.txt

Evidence lnZ = -281.203 ± 0.066
Posterior means/stdev:
\alpha: 33.318 ± 0.141
 \beta: 4.931 ± 0.115
     h: 0.752 ± 0.041
Removed no burn in
GetDist triangle en: /home/holman/HIIGalaxies/Bayesian_samplers/Multinest/Local_CepnZeR_sigma_w/low_cepnzer_sigma_w_zle0p2_triangle_getdist.png

Listo. Archivos en: /home/holman/HIIGalaxies/Bayesian_samplers/Multinest/Local_CepnZeR_sigma_w
  analysing data from /home/holman/HIIGalaxies/Bayesian_samplers/Multinest/Local_CepnZeR_sigma_w/low_cepnzer_sigma_w_zle0p2_.txt
Numero de galaxias host de GEHR: 36
Lista: ['1.IC0010' '10.NGC2541' '11.NGC3198' '12.NGC3319' '15.NGC4258'
 '16.NGC4395' '3.M33' '4.M81' '5.M101' '6.MRK116' '7.NGC0925' '8.NGC2366'
 '9.NGC2403']
================================================================================
Finished job index: 0
================================================================================
 MultiNest Warning: no resume file found, starting from scratch
 *****************************************************
 MultiNest v3.10
 Copyright Farhan Feroz & Mike Hobson
 Release Jul 2015

 no. of live points = 2500
 dimensionality =    3
 *****************************************************
 ln(ev)=  -281.20331942686704      +/-   6.5966766242144634E-002
 Total Likelihood Evaluations:        53750
 Sampling finished. Exiting MultiNest
Finished at: Sun Jun 21 00:05:46 CST 2026
