SLURM_JOB_ID: 198147
SLURM_ARRAY_JOB_ID: 198136
SLURM_ARRAY_TASK_ID: 10
Running on node: n-79
Starting at: Sun Jun 21 00:37:58 CST 2026
Python/conda activo:
/home/holman/.conda/envs/nest/bin/python
# conda environments:
#
cigale                   /home/holman/.conda/envs/cigale
cosmos                   /home/holman/.conda/envs/cosmos
fado-abi3                /home/holman/.conda/envs/fado-abi3
fastspec                 /home/holman/.conda/envs/fastspec
nest                  *  /home/holman/.conda/envs/nest
starlight                /home/holman/.conda/envs/starlight
base                     /opt/anaconda3

Corriendo el codigo(array):
================================================================================
Running job index: 10
calibrator_name                                                    Cep-cZeT
distance_estimator_set                                             cm_t.csv
estimator_error_kind                                                sigma_w
regime_name                                                    Intermediate
analysis_mode                                                      Moderate
zmax                                                                    1.5
main_title                L-sigma test: Intermediate Universe (z <= 1.5)...
folder_name                                    Intermediate_CepcZeT_sigma_w
id_prefix                                   moderate_cepczet_sigma_w_zle1p5
Name: 10, dtype: object
================================================================================
Total input objects: 243
Objects after cut:   156
zmax:                1.5
  analysing data from /home/holman/HIIGalaxies/Bayesian_samplers/Multinest/Intermediate_CepcZeT_sigma_w/moderate_cepczet_sigma_w_zle1p5_.txt

Evidence lnZ = -295.320 ± 0.065
Posterior means/stdev:
\alpha: 32.763 ± 0.156
 \beta: 5.377 ± 0.125
     h: 0.685 ± 0.041
Removed no burn in
GetDist triangle en: /home/holman/HIIGalaxies/Bayesian_samplers/Multinest/Intermediate_CepcZeT_sigma_w/moderate_cepczet_sigma_w_zle1p5_triangle_getdist.png

Listo. Archivos en: /home/holman/HIIGalaxies/Bayesian_samplers/Multinest/Intermediate_CepcZeT_sigma_w
  analysing data from /home/holman/HIIGalaxies/Bayesian_samplers/Multinest/Intermediate_CepcZeT_sigma_w/moderate_cepczet_sigma_w_zle1p5_.txt
Numero de galaxias host de GEHR: 26
Lista: ['10.NGC2541' '11.NGC3198' '12.NGC3319' '15.NGC4258' '3.M33' '4.M81'
 '5.M101' '7.NGC0925' '9.NGC2403']
================================================================================
Finished job index: 10
================================================================================
 MultiNest Warning: no resume file found, starting from scratch
 *****************************************************
 MultiNest v3.10
 Copyright Farhan Feroz & Mike Hobson
 Release Jul 2015

 no. of live points = 2500
 dimensionality =    3
 *****************************************************
 ln(ev)=  -295.31963613731364      +/-   6.4851654174155532E-002
 Total Likelihood Evaluations:        54241
 Sampling finished. Exiting MultiNest
Finished at: Sun Jun 21 00:53:52 CST 2026
