SLURM_JOB_ID: 198164
SLURM_ARRAY_JOB_ID: 198153
SLURM_ARRAY_TASK_ID: 9
Running on node: n-79
Starting at: Sun Jun 21 16:06:19 CST 2026
Python/conda activo:
/home/holman/.conda/envs/nest/bin/python
# conda environments:
#
cigale                   /home/holman/.conda/envs/cigale
cosmos                   /home/holman/.conda/envs/cosmos
fado-abi3                /home/holman/.conda/envs/fado-abi3
fastspec                 /home/holman/.conda/envs/fastspec
nest                  *  /home/holman/.conda/envs/nest
starlight                /home/holman/.conda/envs/starlight
base                     /opt/anaconda3

Corriendo el codigo(array):
================================================================================
Running job index: 9
calibrator_name                                                    Cep-cZeT
distance_estimator_set                                             cm_t.csv
estimator_error_kind                                                sigma_w
regime_name                                                        HM_Local
analysis_mode                                                          High
zmax                                                                    0.2
main_title                L-sigma test: HM_Local Universe (z <= 0.20), S...
folder_name                                        HM_Local_CepcZeT_sigma_w
id_prefix                                       high_cepczet_sigma_w_zle0p2
Name: 9, dtype: object
================================================================================
Total input objects: 243
Objects after cut:   143
zmax:                0.2
  analysing data from /home/holman/HIIGalaxies/Bayesian_samplers/Multinest/HM_Local_CepcZeT_sigma_w/high_cepczet_sigma_w_zle0p2_.txt

Evidence lnZ = -259.619 ± 0.065
Posterior means/stdev:
\alpha: 33.067 ± 0.155
 \beta: 5.130 ± 0.125
     h: 0.731 ± 0.043
Removed no burn in
GetDist triangle en: /home/holman/HIIGalaxies/Bayesian_samplers/Multinest/HM_Local_CepcZeT_sigma_w/high_cepczet_sigma_w_zle0p2_triangle_getdist.png

Listo. Archivos en: /home/holman/HIIGalaxies/Bayesian_samplers/Multinest/HM_Local_CepcZeT_sigma_w
  analysing data from /home/holman/HIIGalaxies/Bayesian_samplers/Multinest/HM_Local_CepcZeT_sigma_w/high_cepczet_sigma_w_zle0p2_.txt
Numero de galaxias host de GEHR: 26
Lista: ['10.NGC2541' '11.NGC3198' '12.NGC3319' '15.NGC4258' '3.M33' '4.M81'
 '5.M101' '7.NGC0925' '9.NGC2403']
================================================================================
Finished job index: 9
================================================================================
 MultiNest Warning: no resume file found, starting from scratch
 *****************************************************
 MultiNest v3.10
 Copyright Farhan Feroz & Mike Hobson
 Release Jul 2015

 no. of live points = 2500
 dimensionality =    3
 *****************************************************
 ln(ev)=  -259.61910141075197      +/-   6.4610146402189525E-002
 Total Likelihood Evaluations:        52657
 Sampling finished. Exiting MultiNest
Finished at: Sun Jun 21 16:23:41 CST 2026
