SLURM_JOB_ID: 197807
SLURM_ARRAY_JOB_ID: 197799
SLURM_ARRAY_TASK_ID: 7
Running on node: n-51
Starting at: Tue Jun  2 14:16:37 CST 2026
Python/conda activo:
/home/holman/.conda/envs/nest/bin/python
# conda environments:
#
cigale                   /home/holman/.conda/envs/cigale
cosmos                   /home/holman/.conda/envs/cosmos
fado-abi3                /home/holman/.conda/envs/fado-abi3
fastspec                 /home/holman/.conda/envs/fastspec
nest                  *  /home/holman/.conda/envs/nest
starlight                /home/holman/.conda/envs/starlight
base                     /opt/anaconda3

Corriendo el codigo(array):
================================================================================
Running job index: 7
calibrator_name                                                    Cep-nZeT
distance_estimator_set                                             sm_t.csv
estimator_error_kind                                                sigma_w
regime_name                                                 HM_Intermediate
analysis_mode                                                          High
zmax                                                                    1.5
main_title                L-sigma test: HM_Intermediate Universe (z <= 1...
folder_name                                 HM_Intermediate_CepnZeT_sigma_w
id_prefix                                       high_cepnzet_sigma_w_zle1p5
Name: 7, dtype: object
================================================================================
Total input objects: 243
Objects after cut:   156
zmax:                1.5
  analysing data from /home/holman/HIIGalaxies/Bayesian_samplers/Multinest/HM_Intermediate_CepnZeT_sigma_w/high_cepnzet_sigma_w_zle1p5_.txt

Evidence lnZ = -262.539 ± 0.063
Posterior means/stdev:
\alpha: 33.048 ± 0.167
 \beta: 5.159 ± 0.131
     h: 0.717 ± 0.051
Removed no burn in
GetDist triangle en: /home/holman/HIIGalaxies/Bayesian_samplers/Multinest/HM_Intermediate_CepnZeT_sigma_w/high_cepnzet_sigma_w_zle1p5_triangle_getdist.png

Listo. Archivos en: /home/holman/HIIGalaxies/Bayesian_samplers/Multinest/HM_Intermediate_CepnZeT_sigma_w
  analysing data from /home/holman/HIIGalaxies/Bayesian_samplers/Multinest/HM_Intermediate_CepnZeT_sigma_w/high_cepnzet_sigma_w_zle1p5_.txt
Numero de galaxias host de GEHR: 13
Lista: ['15.NGC4258' '3.M33' '4.M81' '5.M101']
================================================================================
Finished job index: 7
================================================================================
 MultiNest Warning: no resume file found, starting from scratch
 *****************************************************
 MultiNest v3.10
 Copyright Farhan Feroz & Mike Hobson
 Release Jul 2015

 no. of live points = 2500
 dimensionality =    3
 *****************************************************
 ln(ev)=  -262.53886661297940      +/-   6.3111792298503347E-002
 Total Likelihood Evaluations:        53417
 Sampling finished. Exiting MultiNest
Finished at: Tue Jun  2 14:33:12 CST 2026
