SLURM_JOB_ID: 197791
SLURM_ARRAY_JOB_ID: 197784
SLURM_ARRAY_TASK_ID: 6
Running on node: n-49
Starting at: Tue Jun  2 12:21:30 CST 2026
Python/conda activo:
/home/holman/.conda/envs/nest/bin/python
# conda environments:
#
cigale                   /home/holman/.conda/envs/cigale
cosmos                   /home/holman/.conda/envs/cosmos
fado-abi3                /home/holman/.conda/envs/fado-abi3
fastspec                 /home/holman/.conda/envs/fastspec
nest                  *  /home/holman/.conda/envs/nest
starlight                /home/holman/.conda/envs/starlight
base                     /opt/anaconda3

Corriendo el codigo(array):
================================================================================
Running job index: 6
calibrator_name                                                    Cep-nZeT
distance_estimator_set                                             sm_t.csv
estimator_error_kind                                                sigma_w
regime_name                                                           Local
analysis_mode                                                           Low
zmax                                                                    0.2
main_title                L-sigma test: Local Universe (z <= 0.20), Set:...
folder_name                                           Local_CepnZeT_sigma_w
id_prefix                                        low_cepnzet_sigma_w_zle0p2
Name: 6, dtype: object
================================================================================
Total input objects: 243
Objects after cut:   143
zmax:                0.2
  analysing data from /home/holman/HIIGalaxies/Bayesian_samplers/Multinest/Local_CepnZeT_sigma_w/low_cepnzet_sigma_w_zle0p2_.txt

Evidence lnZ = -235.953 ± 0.063
Posterior means/stdev:
\alpha: 33.179 ± 0.172
 \beta: 5.054 ± 0.135
     h: 0.737 ± 0.052
Removed no burn in
GetDist triangle en: /home/holman/HIIGalaxies/Bayesian_samplers/Multinest/Local_CepnZeT_sigma_w/low_cepnzet_sigma_w_zle0p2_triangle_getdist.png

Listo. Archivos en: /home/holman/HIIGalaxies/Bayesian_samplers/Multinest/Local_CepnZeT_sigma_w
  analysing data from /home/holman/HIIGalaxies/Bayesian_samplers/Multinest/Local_CepnZeT_sigma_w/low_cepnzet_sigma_w_zle0p2_.txt
Numero de galaxias host de GEHR: 13
Lista: ['15.NGC4258' '3.M33' '4.M81' '5.M101']
================================================================================
Finished job index: 6
================================================================================
 MultiNest Warning: no resume file found, starting from scratch
 *****************************************************
 MultiNest v3.10
 Copyright Farhan Feroz & Mike Hobson
 Release Jul 2015

 no. of live points = 2500
 dimensionality =    3
 *****************************************************
 ln(ev)=  -235.95325658598065      +/-   6.2838174665552651E-002
 Total Likelihood Evaluations:        51686
 Sampling finished. Exiting MultiNest
Finished at: Tue Jun  2 12:35:16 CST 2026
