SLURM_JOB_ID: 198168
SLURM_ARRAY_JOB_ID: 198153
SLURM_ARRAY_TASK_ID: 13
Running on node: n-79
Starting at: Sun Jun 21 16:23:49 CST 2026
Python/conda activo:
/home/holman/.conda/envs/nest/bin/python
# conda environments:
#
cigale                   /home/holman/.conda/envs/cigale
cosmos                   /home/holman/.conda/envs/cosmos
fado-abi3                /home/holman/.conda/envs/fado-abi3
fastspec                 /home/holman/.conda/envs/fastspec
nest                  *  /home/holman/.conda/envs/nest
starlight                /home/holman/.conda/envs/starlight
base                     /opt/anaconda3

Corriendo el codigo(array):
================================================================================
Running job index: 13
calibrator_name                                                        TRGB
distance_estimator_set                                              t_r.csv
estimator_error_kind                                                sigma_w
regime_name                                                 HM_Intermediate
analysis_mode                                                          High
zmax                                                                    1.5
main_title                L-sigma test: HM_Intermediate Universe (z <= 1...
folder_name                                    HM_Intermediate_TRGB_sigma_w
id_prefix                                          high_trgb_sigma_w_zle1p5
Name: 13, dtype: object
================================================================================
Total input objects: 243
Objects after cut:   156
zmax:                1.5
  analysing data from /home/holman/HIIGalaxies/Bayesian_samplers/Multinest/HM_Intermediate_TRGB_sigma_w/high_trgb_sigma_w_zle1p5_.txt

Evidence lnZ = -304.139 ± 0.065
Posterior means/stdev:
\alpha: 33.229 ± 0.141
 \beta: 5.081 ± 0.116
     h: 0.671 ± 0.041
Removed no burn in
GetDist triangle en: /home/holman/HIIGalaxies/Bayesian_samplers/Multinest/HM_Intermediate_TRGB_sigma_w/high_trgb_sigma_w_zle1p5_triangle_getdist.png

Listo. Archivos en: /home/holman/HIIGalaxies/Bayesian_samplers/Multinest/HM_Intermediate_TRGB_sigma_w
  analysing data from /home/holman/HIIGalaxies/Bayesian_samplers/Multinest/HM_Intermediate_TRGB_sigma_w/high_trgb_sigma_w_zle1p5_.txt
Numero de galaxias host de GEHR: 26
Lista: ['1.IC0010' '15.NGC4258' '16.NGC4395' '3.M33' '4.M81' '5.M101' '6.MRK116'
 '8.NGC2366' '9.NGC2403']
================================================================================
Finished job index: 13
================================================================================
 MultiNest Warning: no resume file found, starting from scratch
 *****************************************************
 MultiNest v3.10
 Copyright Farhan Feroz & Mike Hobson
 Release Jul 2015

 no. of live points = 2500
 dimensionality =    3
 *****************************************************
 ln(ev)=  -304.13876229784836      +/-   6.5381717431172923E-002
 Total Likelihood Evaluations:        54480
 Sampling finished. Exiting MultiNest
Finished at: Sun Jun 21 16:41:11 CST 2026
