SLURM_JOB_ID: 197812
SLURM_ARRAY_JOB_ID: 197799
SLURM_ARRAY_TASK_ID: 12
Running on node: n-49
Starting at: Tue Jun  2 14:45:11 CST 2026
Python/conda activo:
/home/holman/.conda/envs/nest/bin/python
# conda environments:
#
cigale                   /home/holman/.conda/envs/cigale
cosmos                   /home/holman/.conda/envs/cosmos
fado-abi3                /home/holman/.conda/envs/fado-abi3
fastspec                 /home/holman/.conda/envs/fastspec
nest                  *  /home/holman/.conda/envs/nest
starlight                /home/holman/.conda/envs/starlight
base                     /opt/anaconda3

Corriendo el codigo(array):
================================================================================
Running job index: 12
calibrator_name                                                        TRGB
distance_estimator_set                                              t_r.csv
estimator_error_kind                                                sigma_w
regime_name                                                        HM_Local
analysis_mode                                                          High
zmax                                                                    0.2
main_title                L-sigma test: HM_Local Universe (z <= 0.20), S...
folder_name                                           HM_Local_TRGB_sigma_w
id_prefix                                          high_trgb_sigma_w_zle0p2
Name: 12, dtype: object
================================================================================
Total input objects: 243
Objects after cut:   143
zmax:                0.2
  analysing data from /home/holman/HIIGalaxies/Bayesian_samplers/Multinest/HM_Local_TRGB_sigma_w/high_trgb_sigma_w_zle0p2_.txt

Evidence lnZ = -277.027 ± 0.065
Posterior means/stdev:
\alpha: 33.341 ± 0.145
 \beta: 4.987 ± 0.119
     h: 0.690 ± 0.042
Removed no burn in
GetDist triangle en: /home/holman/HIIGalaxies/Bayesian_samplers/Multinest/HM_Local_TRGB_sigma_w/high_trgb_sigma_w_zle0p2_triangle_getdist.png

Listo. Archivos en: /home/holman/HIIGalaxies/Bayesian_samplers/Multinest/HM_Local_TRGB_sigma_w
  analysing data from /home/holman/HIIGalaxies/Bayesian_samplers/Multinest/HM_Local_TRGB_sigma_w/high_trgb_sigma_w_zle0p2_.txt
Numero de galaxias host de GEHR: 26
Lista: ['1.IC0010' '15.NGC4258' '16.NGC4395' '3.M33' '4.M81' '5.M101' '6.MRK116'
 '8.NGC2366' '9.NGC2403']
================================================================================
Finished job index: 12
================================================================================
 MultiNest Warning: no resume file found, starting from scratch
 *****************************************************
 MultiNest v3.10
 Copyright Farhan Feroz & Mike Hobson
 Release Jul 2015

 no. of live points = 2500
 dimensionality =    3
 *****************************************************
 ln(ev)=  -277.02660587793480      +/-   6.5273057861036612E-002
 Total Likelihood Evaluations:        54875
 Sampling finished. Exiting MultiNest
Finished at: Tue Jun  2 15:02:12 CST 2026
