SLURM_JOB_ID: 197810
SLURM_ARRAY_JOB_ID: 197799
SLURM_ARRAY_TASK_ID: 10
Running on node: n-51
Starting at: Tue Jun  2 14:33:13 CST 2026
Python/conda activo:
/home/holman/.conda/envs/nest/bin/python
# conda environments:
#
cigale                   /home/holman/.conda/envs/cigale
cosmos                   /home/holman/.conda/envs/cosmos
fado-abi3                /home/holman/.conda/envs/fado-abi3
fastspec                 /home/holman/.conda/envs/fastspec
nest                  *  /home/holman/.conda/envs/nest
starlight                /home/holman/.conda/envs/starlight
base                     /opt/anaconda3

Corriendo el codigo(array):
================================================================================
Running job index: 10
calibrator_name                                                    Cep-cZeT
distance_estimator_set                                             cm_t.csv
estimator_error_kind                                                sigma_w
regime_name                                                 HM_Intermediate
analysis_mode                                                          High
zmax                                                                    1.5
main_title                L-sigma test: HM_Intermediate Universe (z <= 1...
folder_name                                 HM_Intermediate_CepcZeT_sigma_w
id_prefix                                       high_cepczet_sigma_w_zle1p5
Name: 10, dtype: object
================================================================================
Total input objects: 243
Objects after cut:   156
zmax:                1.5
  analysing data from /home/holman/HIIGalaxies/Bayesian_samplers/Multinest/HM_Intermediate_CepcZeT_sigma_w/high_cepczet_sigma_w_zle1p5_.txt

Evidence lnZ = -285.945 ± 0.065
Posterior means/stdev:
\alpha: 32.962 ± 0.152
 \beta: 5.216 ± 0.122
     h: 0.714 ± 0.043
Removed no burn in
GetDist triangle en: /home/holman/HIIGalaxies/Bayesian_samplers/Multinest/HM_Intermediate_CepcZeT_sigma_w/high_cepczet_sigma_w_zle1p5_triangle_getdist.png

Listo. Archivos en: /home/holman/HIIGalaxies/Bayesian_samplers/Multinest/HM_Intermediate_CepcZeT_sigma_w
  analysing data from /home/holman/HIIGalaxies/Bayesian_samplers/Multinest/HM_Intermediate_CepcZeT_sigma_w/high_cepczet_sigma_w_zle1p5_.txt
Numero de galaxias host de GEHR: 26
Lista: ['10.NGC2541' '11.NGC3198' '12.NGC3319' '15.NGC4258' '3.M33' '4.M81'
 '5.M101' '7.NGC0925' '9.NGC2403']
================================================================================
Finished job index: 10
================================================================================
 MultiNest Warning: no resume file found, starting from scratch
 *****************************************************
 MultiNest v3.10
 Copyright Farhan Feroz & Mike Hobson
 Release Jul 2015

 no. of live points = 2500
 dimensionality =    3
 *****************************************************
 ln(ev)=  -285.94477785494291      +/-   6.4961414265395478E-002
 Total Likelihood Evaluations:        54657
 Sampling finished. Exiting MultiNest
Finished at: Tue Jun  2 14:50:27 CST 2026
