SLURM_JOB_ID: 198140
SLURM_ARRAY_JOB_ID: 198136
SLURM_ARRAY_TASK_ID: 3
Running on node: n-78
Starting at: Sun Jun 21 00:05:49 CST 2026
Python/conda activo:
/home/holman/.conda/envs/nest/bin/python
# conda environments:
#
cigale                   /home/holman/.conda/envs/cigale
cosmos                   /home/holman/.conda/envs/cosmos
fado-abi3                /home/holman/.conda/envs/fado-abi3
fastspec                 /home/holman/.conda/envs/fastspec
nest                  *  /home/holman/.conda/envs/nest
starlight                /home/holman/.conda/envs/starlight
base                     /opt/anaconda3

Corriendo el codigo(array):
================================================================================
Running job index: 3
calibrator_name                                                    Cep-cZeR
distance_estimator_set                                             cm_r.csv
estimator_error_kind                                                sigma_w
regime_name                                                           Local
analysis_mode                                                           Low
zmax                                                                    0.2
main_title                L-sigma test: Local Universe (z <= 0.20), Set:...
folder_name                                           Local_CepcZeR_sigma_w
id_prefix                                        low_cepczer_sigma_w_zle0p2
Name: 3, dtype: object
================================================================================
Total input objects: 243
Objects after cut:   143
zmax:                0.2
  analysing data from /home/holman/HIIGalaxies/Bayesian_samplers/Multinest/Local_CepcZeR_sigma_w/low_cepczer_sigma_w_zle0p2_.txt

Evidence lnZ = -258.700 ± 0.065
Posterior means/stdev:
\alpha: 33.197 ± 0.152
 \beta: 5.007 ± 0.122
     h: 0.753 ± 0.042
Removed no burn in
GetDist triangle en: /home/holman/HIIGalaxies/Bayesian_samplers/Multinest/Local_CepcZeR_sigma_w/low_cepczer_sigma_w_zle0p2_triangle_getdist.png

Listo. Archivos en: /home/holman/HIIGalaxies/Bayesian_samplers/Multinest/Local_CepcZeR_sigma_w
  analysing data from /home/holman/HIIGalaxies/Bayesian_samplers/Multinest/Local_CepcZeR_sigma_w/low_cepczer_sigma_w_zle0p2_.txt
Numero de galaxias host de GEHR: 26
Lista: ['10.NGC2541' '11.NGC3198' '12.NGC3319' '15.NGC4258' '3.M33' '4.M81'
 '5.M101' '7.NGC0925' '9.NGC2403']
================================================================================
Finished job index: 3
================================================================================
 MultiNest Warning: no resume file found, starting from scratch
 *****************************************************
 MultiNest v3.10
 Copyright Farhan Feroz & Mike Hobson
 Release Jul 2015

 no. of live points = 2500
 dimensionality =    3
 *****************************************************
 ln(ev)=  -258.70032257600695      +/-   6.4948354715878495E-002
 Total Likelihood Evaluations:        54996
 Sampling finished. Exiting MultiNest
Finished at: Sun Jun 21 00:21:04 CST 2026
